23:32:16 **** Incremental Build of configuration Debug for project 002_HelloWorld_FreeRTOS_SEGGER_SystemView ****
Info: Internal Builder is used for build
arm-atollic-eabi-gcc -c ..\src\main.c -mthumb -mcpu=cortex-m4 -mfloat-abi=hard -mfpu=fpv4-sp-d16 -std=gnu11 -DSTM32F4XX -DSTM32F40XX -DUSE_STDPERIPH_DRIVER -DUSE_STM32F4_DISCOVERY -DHSE_VALUE=8000000 -I../src -IC:\Users\LENOVO\Desktop\FreeRtos_Workspace_atollic\002_HelloWorld_FreeRTOS_SEGGER_SystemView\MiddleWares\Third_Party\SEGGER\Config -IC:\Users\LENOVO\Desktop\FreeRtos_Workspace_atollic\002_HelloWorld_FreeRTOS_SEGGER_SystemView\MiddleWares\Third_Party\SEGGER\OS -IC:\Users\LENOVO\Desktop\FreeRtos_Workspace_atollic\002_HelloWorld_FreeRTOS_SEGGER_SystemView\MiddleWares\Third_Party\SEGGER\SEGGER -IC:\Users\LENOVO\Desktop\FreeRtos_Workspace_atollic\002_HelloWorld_FreeRTOS_SEGGER_SystemView\FreeRTOS_Config -IC:\Users\LENOVO\Desktop\FreeRtos_Workspace_atollic\002_HelloWorld_FreeRTOS_SEGGER_SystemView\MiddleWares\Third_Party\FreeRTOS\org\Source\include -IC:\Users\LENOVO\Desktop\FreeRtos_Workspace_atollic\002_HelloWorld_FreeRTOS_SEGGER_SystemView\MiddleWares\Third_Party\FreeRTOS\org\Source\portable\GCC\ARM_CM4F -I../Libraries/CMSIS/Include -I../Libraries/Device/STM32F4xx/Include -I../Libraries/STM32F4xx_StdPeriph_Driver/inc -I../Utilities/STM32F4-Discovery -O0 -ffunction-sections -fdata-sections -g -fstack-usage -Wall -specs=nano.specs -o src\main.o 
arm-atollic-eabi-gcc -o 002_HelloWorld_FreeRTOS_SEGGER_SystemView.elf Libraries\STM32F4xx_StdPeriph_Driver\src\misc.o Libraries\STM32F4xx_StdPeriph_Driver\src\stm32f4xx_adc.o Libraries\STM32F4xx_StdPeriph_Driver\src\stm32f4xx_can.o Libraries\STM32F4xx_StdPeriph_Driver\src\stm32f4xx_crc.o Libraries\STM32F4xx_StdPeriph_Driver\src\stm32f4xx_cryp.o Libraries\STM32F4xx_StdPeriph_Driver\src\stm32f4xx_cryp_aes.o Libraries\STM32F4xx_StdPeriph_Driver\src\stm32f4xx_cryp_des.o Libraries\STM32F4xx_StdPeriph_Driver\src\stm32f4xx_cryp_tdes.o Libraries\STM32F4xx_StdPeriph_Driver\src\stm32f4xx_dac.o Libraries\STM32F4xx_StdPeriph_Driver\src\stm32f4xx_dbgmcu.o Libraries\STM32F4xx_StdPeriph_Driver\src\stm32f4xx_dcmi.o Libraries\STM32F4xx_StdPeriph_Driver\src\stm32f4xx_dma.o Libraries\STM32F4xx_StdPeriph_Driver\src\stm32f4xx_exti.o Libraries\STM32F4xx_StdPeriph_Driver\src\stm32f4xx_flash.o Libraries\STM32F4xx_StdPeriph_Driver\src\stm32f4xx_fsmc.o Libraries\STM32F4xx_StdPeriph_Driver\src\stm32f4xx_gpio.o Libraries\STM32F4xx_StdPeriph_Driver\src\stm32f4xx_hash.o Libraries\STM32F4xx_StdPeriph_Driver\src\stm32f4xx_hash_md5.o Libraries\STM32F4xx_StdPeriph_Driver\src\stm32f4xx_hash_sha1.o Libraries\STM32F4xx_StdPeriph_Driver\src\stm32f4xx_i2c.o Libraries\STM32F4xx_StdPeriph_Driver\src\stm32f4xx_iwdg.o Libraries\STM32F4xx_StdPeriph_Driver\src\stm32f4xx_pwr.o Libraries\STM32F4xx_StdPeriph_Driver\src\stm32f4xx_rcc.o Libraries\STM32F4xx_StdPeriph_Driver\src\stm32f4xx_rng.o Libraries\STM32F4xx_StdPeriph_Driver\src\stm32f4xx_rtc.o Libraries\STM32F4xx_StdPeriph_Driver\src\stm32f4xx_sdio.o Libraries\STM32F4xx_StdPeriph_Driver\src\stm32f4xx_spi.o Libraries\STM32F4xx_StdPeriph_Driver\src\stm32f4xx_syscfg.o Libraries\STM32F4xx_StdPeriph_Driver\src\stm32f4xx_tim.o Libraries\STM32F4xx_StdPeriph_Driver\src\stm32f4xx_usart.o Libraries\STM32F4xx_StdPeriph_Driver\src\stm32f4xx_wwdg.o MiddleWares\Third_Party\FreeRTOS\org\Source\croutine.o MiddleWares\Third_Party\FreeRTOS\org\Source\event_groups.o MiddleWares\Third_Party\FreeRTOS\org\Source\list.o MiddleWares\Third_Party\FreeRTOS\org\Source\portable\GCC\ARM_CM4F\port.o MiddleWares\Third_Party\FreeRTOS\org\Source\portable\MemMang\heap_4.o MiddleWares\Third_Party\FreeRTOS\org\Source\queue.o MiddleWares\Third_Party\FreeRTOS\org\Source\stream_buffer.o MiddleWares\Third_Party\FreeRTOS\org\Source\tasks.o MiddleWares\Third_Party\FreeRTOS\org\Source\timers.o MiddleWares\Third_Party\SEGGER\Config\SEGGER_SYSVIEW_Config_FreeRTOS.o MiddleWares\Third_Party\SEGGER\OS\SEGGER_SYSVIEW_FreeRTOS.o MiddleWares\Third_Party\SEGGER\SEGGER\SEGGER_RTT.o MiddleWares\Third_Party\SEGGER\SEGGER\SEGGER_SYSVIEW.o Utilities\STM32F4-Discovery\stm32f4_discovery.o Utilities\STM32F4-Discovery\stm32f4_discovery_audio_codec.o Utilities\STM32F4-Discovery\stm32f4_discovery_lis302dl.o src\main.o src\startup_stm32f40xx.o src\stm32f4xx_it.o src\system_stm32f4xx.o src\tiny_printf.o -mthumb -mcpu=cortex-m4 -mfloat-abi=hard -mfpu=fpv4-sp-d16 -T../stm32f4_flash.ld -specs=nosys.specs -static -Wl,-cref,-u,Reset_Handler -Wl,-Map=002_HelloWorld_FreeRTOS_SEGGER_SystemView.map -Wl,--gc-sections -Wl,--defsym=malloc_getpagesize_P=0x80 -Wl,--start-group -lc -lm -Wl,--end-group -specs=nano.specs 
C:\Program Files (x86)\Atollic\TrueSTUDIO for STM32 9.3.0\ide\jre\bin\java -jar C:\Program Files (x86)\Atollic\TrueSTUDIO for STM32 9.3.0\Tools\arm-atollic-reports.jar sizeinfo list 002_HelloWorld_FreeRTOS_SEGGER_SystemView.elf 
Generate build reports...
Print size information
   text	   data	    bss	    dec	    hex	filename
  21444	     72	  88460	 109976	  1ad98	002_HelloWorld_FreeRTOS_SEGGER_SystemView.elf
Print size information done
Generate listing file
Output sent to: 002_HelloWorld_FreeRTOS_SEGGER_SystemView.list
Generate listing file done
Generate build reports done
Info: Nothing to build for 002_HelloWorld_FreeRTOS_SEGGER_SystemView
Info: Nothing to build for 002_HelloWorld_FreeRTOS_SEGGER_SystemView
23:34:01 **** Incremental Build of configuration Debug for project 002_HelloWorld_FreeRTOS_SEGGER_SystemView ****
Info: Internal Builder is used for build
arm-atollic-eabi-gcc -c ..\src\main.c -mthumb -mcpu=cortex-m4 -mfloat-abi=hard -mfpu=fpv4-sp-d16 -std=gnu11 -DSTM32F4XX -DSTM32F40XX -DUSE_STDPERIPH_DRIVER -DUSE_STM32F4_DISCOVERY -DHSE_VALUE=8000000 -I../src -IC:\Users\LENOVO\Desktop\FreeRtos_Workspace_atollic\002_HelloWorld_FreeRTOS_SEGGER_SystemView\MiddleWares\Third_Party\SEGGER\Config -IC:\Users\LENOVO\Desktop\FreeRtos_Workspace_atollic\002_HelloWorld_FreeRTOS_SEGGER_SystemView\MiddleWares\Third_Party\SEGGER\OS -IC:\Users\LENOVO\Desktop\FreeRtos_Workspace_atollic\002_HelloWorld_FreeRTOS_SEGGER_SystemView\MiddleWares\Third_Party\SEGGER\SEGGER -IC:\Users\LENOVO\Desktop\FreeRtos_Workspace_atollic\002_HelloWorld_FreeRTOS_SEGGER_SystemView\FreeRTOS_Config -IC:\Users\LENOVO\Desktop\FreeRtos_Workspace_atollic\002_HelloWorld_FreeRTOS_SEGGER_SystemView\MiddleWares\Third_Party\FreeRTOS\org\Source\include -IC:\Users\LENOVO\Desktop\FreeRtos_Workspace_atollic\002_HelloWorld_FreeRTOS_SEGGER_SystemView\MiddleWares\Third_Party\FreeRTOS\org\Source\portable\GCC\ARM_CM4F -I../Libraries/CMSIS/Include -I../Libraries/Device/STM32F4xx/Include -I../Libraries/STM32F4xx_StdPeriph_Driver/inc -I../Utilities/STM32F4-Discovery -O0 -ffunction-sections -fdata-sections -g -fstack-usage -Wall -specs=nano.specs -o src\main.o 
arm-atollic-eabi-gcc -o 002_HelloWorld_FreeRTOS_SEGGER_SystemView.elf Libraries\STM32F4xx_StdPeriph_Driver\src\misc.o Libraries\STM32F4xx_StdPeriph_Driver\src\stm32f4xx_adc.o Libraries\STM32F4xx_StdPeriph_Driver\src\stm32f4xx_can.o Libraries\STM32F4xx_StdPeriph_Driver\src\stm32f4xx_crc.o Libraries\STM32F4xx_StdPeriph_Driver\src\stm32f4xx_cryp.o Libraries\STM32F4xx_StdPeriph_Driver\src\stm32f4xx_cryp_aes.o Libraries\STM32F4xx_StdPeriph_Driver\src\stm32f4xx_cryp_des.o Libraries\STM32F4xx_StdPeriph_Driver\src\stm32f4xx_cryp_tdes.o Libraries\STM32F4xx_StdPeriph_Driver\src\stm32f4xx_dac.o Libraries\STM32F4xx_StdPeriph_Driver\src\stm32f4xx_dbgmcu.o Libraries\STM32F4xx_StdPeriph_Driver\src\stm32f4xx_dcmi.o Libraries\STM32F4xx_StdPeriph_Driver\src\stm32f4xx_dma.o Libraries\STM32F4xx_StdPeriph_Driver\src\stm32f4xx_exti.o Libraries\STM32F4xx_StdPeriph_Driver\src\stm32f4xx_flash.o Libraries\STM32F4xx_StdPeriph_Driver\src\stm32f4xx_fsmc.o Libraries\STM32F4xx_StdPeriph_Driver\src\stm32f4xx_gpio.o Libraries\STM32F4xx_StdPeriph_Driver\src\stm32f4xx_hash.o Libraries\STM32F4xx_StdPeriph_Driver\src\stm32f4xx_hash_md5.o Libraries\STM32F4xx_StdPeriph_Driver\src\stm32f4xx_hash_sha1.o Libraries\STM32F4xx_StdPeriph_Driver\src\stm32f4xx_i2c.o Libraries\STM32F4xx_StdPeriph_Driver\src\stm32f4xx_iwdg.o Libraries\STM32F4xx_StdPeriph_Driver\src\stm32f4xx_pwr.o Libraries\STM32F4xx_StdPeriph_Driver\src\stm32f4xx_rcc.o Libraries\STM32F4xx_StdPeriph_Driver\src\stm32f4xx_rng.o Libraries\STM32F4xx_StdPeriph_Driver\src\stm32f4xx_rtc.o Libraries\STM32F4xx_StdPeriph_Driver\src\stm32f4xx_sdio.o Libraries\STM32F4xx_StdPeriph_Driver\src\stm32f4xx_spi.o Libraries\STM32F4xx_StdPeriph_Driver\src\stm32f4xx_syscfg.o Libraries\STM32F4xx_StdPeriph_Driver\src\stm32f4xx_tim.o Libraries\STM32F4xx_StdPeriph_Driver\src\stm32f4xx_usart.o Libraries\STM32F4xx_StdPeriph_Driver\src\stm32f4xx_wwdg.o MiddleWares\Third_Party\FreeRTOS\org\Source\croutine.o MiddleWares\Third_Party\FreeRTOS\org\Source\event_groups.o MiddleWares\Third_Party\FreeRTOS\org\Source\list.o MiddleWares\Third_Party\FreeRTOS\org\Source\portable\GCC\ARM_CM4F\port.o MiddleWares\Third_Party\FreeRTOS\org\Source\portable\MemMang\heap_4.o MiddleWares\Third_Party\FreeRTOS\org\Source\queue.o MiddleWares\Third_Party\FreeRTOS\org\Source\stream_buffer.o MiddleWares\Third_Party\FreeRTOS\org\Source\tasks.o MiddleWares\Third_Party\FreeRTOS\org\Source\timers.o MiddleWares\Third_Party\SEGGER\Config\SEGGER_SYSVIEW_Config_FreeRTOS.o MiddleWares\Third_Party\SEGGER\OS\SEGGER_SYSVIEW_FreeRTOS.o MiddleWares\Third_Party\SEGGER\SEGGER\SEGGER_RTT.o MiddleWares\Third_Party\SEGGER\SEGGER\SEGGER_SYSVIEW.o Utilities\STM32F4-Discovery\stm32f4_discovery.o Utilities\STM32F4-Discovery\stm32f4_discovery_audio_codec.o Utilities\STM32F4-Discovery\stm32f4_discovery_lis302dl.o src\main.o src\startup_stm32f40xx.o src\stm32f4xx_it.o src\system_stm32f4xx.o src\tiny_printf.o -mthumb -mcpu=cortex-m4 -mfloat-abi=hard -mfpu=fpv4-sp-d16 -T../stm32f4_flash.ld -specs=nosys.specs -static -Wl,-cref,-u,Reset_Handler -Wl,-Map=002_HelloWorld_FreeRTOS_SEGGER_SystemView.map -Wl,--gc-sections -Wl,--defsym=malloc_getpagesize_P=0x80 -Wl,--start-group -lc -lm -Wl,--end-group -specs=nano.specs 
C:\Program Files (x86)\Atollic\TrueSTUDIO for STM32 9.3.0\ide\jre\bin\java -jar C:\Program Files (x86)\Atollic\TrueSTUDIO for STM32 9.3.0\Tools\arm-atollic-reports.jar sizeinfo list 002_HelloWorld_FreeRTOS_SEGGER_SystemView.elf 
Generate build reports...
Print size information
   text	   data	    bss	    dec	    hex	filename
  21336	     72	  88456	 109864	  1ad28	002_HelloWorld_FreeRTOS_SEGGER_SystemView.elf
Print size information done
Generate listing file
Output sent to: 002_HelloWorld_FreeRTOS_SEGGER_SystemView.list
Generate listing file done
Generate build reports done
